// Jest Snapshot v1, https://goo.gl/fbAQLP

exports[`Text has a valid snapshot 1`] = `
<div
  className="css-m69qwo-MuiStack-root"
>
  <p
    className="MuiTypography-root MuiTypography-body1 css-o6haml-MuiTypography-root"
  >
    Prop name
    Â :
  </p>
  <p
    className="MuiTypography-root MuiTypography-body1 css-199lc0q-MuiTypography-root"
    id="Prop name"
    onDoubleClick={[Function]}
  >
    prop value
  </p>
</div>
`;
