// Jest Snapshot v1, https://goo.gl/fbAQLP

exports[`Item has a valid snapshot 1`] = `
<div
  className="MuiBox-root css-1lf26fz"
  id="item_"
  onMouseEnter={[Function]}
  onMouseLeave={[Function]}
/>
`;
