// Jest Snapshot v1, https://goo.gl/fbAQLP

exports[`List has a valid snapshot 1`] = `
<div
  className="css-nen11g-MuiStack-root"
>
  <div
    className="item MuiBox-root css-uz52w6"
  />
</div>
`;
